move (540, 240), (540, 550), 1.0, 1.5
click (right)
click (right)
move (100, 200), (300, 400), 0.5, 1.0
click (left)
type 'Hello world'
rtext (10, 20)
click (right)
move (100, 200), (300, 400), 0.5, 1.0
click (left)
type 'Hello world'
rtext (10, 20)
click (right)
move (100, 200), (300, 400), 0.5, 1.0
click (left)
type 'Hello world'
rtext (10, 20)
rstr (5, 10)
