  type Hello world
  rstr 15
  rtxt 0
  type Hello world
  rstr 15
  rtxt 0
  type Hello world
  rstr 15
  rtxt 0
  type Hello world
  rstr 15
  rtxt 0
  type Hello world
  rstr 15
  rtxt 0
  type Hello world
  rstr 15
  rtxt 0
  type Hello world
  rstr 15
  rtxt 0
  type Hello world
  rstr 15
  rtxt 0
  type Hello world
  rstr 15
  rtxt 0
  type Hello world
  rstr 15
  rtxt 0
  type Hello world
  rstr 15
  rtxt 0
