  move (365, 400) (275, 500) 1.0 0.0
 click left
  move (365, 400) (275, 500) 1.0 0.0
 click left
  move (365, 400) (275, 500) 1.0 0.0
 click left
  move (365, 400) (275, 500) 1.0 0.0
 click left
  move (365, 400) (275, 500) 1.0 0.0
 click left
  move (365, 400) (275, 500) 1.0 0.0
 click left
  move (365, 400) (275, 500) 1.0 0.0
 click left
  move (365, 400) (275, 500) 1.0 0.0
 click left
  move (365, 400) (275, 500) 1.0 0.0
 click left
  move (365, 400) (275, 500) 1.0 0.0
 click left
