  move (365, 400) (275, 500) 2.0 1.0
  type Hello world
 click left
